../Middlewares/ST/touchgfx/framework/include/touchgfx/hal/Types.hpp:78:5:touchgfx::colortype::colortype()	16	static
../Middlewares/ST/touchgfx/framework/include/touchgfx/hal/Types.hpp:91:5:touchgfx::colortype::colortype(uint32_t)	16	static
../Middlewares/ST/touchgfx/framework/include/touchgfx/hal/Types.hpp:114:5:touchgfx::colortype::operator uint32_t() const	16	static
../Middlewares/ST/touchgfx/framework/include/touchgfx/hal/Types.hpp:127:5:touchgfx::Rect::Rect()	16	static
../Middlewares/ST/touchgfx/framework/include/touchgfx/hal/Types.hpp:140:5:touchgfx::Rect::Rect(int16_t, int16_t, int16_t, int16_t)	24	static
../Middlewares/ST/touchgfx/framework/include/touchgfx/Drawable.hpp:62:13:touchgfx::Drawable::~Drawable()	16	static
../Middlewares/ST/touchgfx/framework/include/touchgfx/Drawable.hpp:62:13:virtual touchgfx::Drawable::~Drawable()	16	static
../Middlewares/ST/touchgfx/framework/include/touchgfx/Drawable.hpp:121:18:virtual void touchgfx::Drawable::invalidateContent() const	16	static
../Middlewares/ST/touchgfx/framework/include/touchgfx/Drawable.hpp:147:23:virtual touchgfx::Drawable* touchgfx::Drawable::getFirstChild()	16	static
../Middlewares/ST/touchgfx/framework/include/touchgfx/Drawable.hpp:293:13:int16_t touchgfx::Drawable::getWidth() const	16	static
../Middlewares/ST/touchgfx/framework/include/touchgfx/Drawable.hpp:303:13:int16_t touchgfx::Drawable::getHeight() const	16	static
../Middlewares/ST/touchgfx/framework/include/touchgfx/Drawable.hpp:315:18:virtual void touchgfx::Drawable::setX(int16_t)	16	static
../Middlewares/ST/touchgfx/framework/include/touchgfx/Drawable.hpp:327:18:virtual void touchgfx::Drawable::setY(int16_t)	16	static
../Middlewares/ST/touchgfx/framework/include/touchgfx/Drawable.hpp:356:18:virtual void touchgfx::Drawable::setWidth(int16_t)	16	static
../Middlewares/ST/touchgfx/framework/include/touchgfx/Drawable.hpp:368:18:virtual void touchgfx::Drawable::setHeight(int16_t)	16	static
../Middlewares/ST/touchgfx/framework/include/touchgfx/Drawable.hpp:378:18:virtual void touchgfx::Drawable::childGeometryChanged()	16	static
../Middlewares/ST/touchgfx/framework/include/touchgfx/Drawable.hpp:389:18:virtual void touchgfx::Drawable::handleClickEvent(const touchgfx::ClickEvent&)	16	static
../Middlewares/ST/touchgfx/framework/include/touchgfx/Drawable.hpp:401:18:virtual void touchgfx::Drawable::handleGestureEvent(const touchgfx::GestureEvent&)	16	static
../Middlewares/ST/touchgfx/framework/include/touchgfx/Drawable.hpp:490:18:virtual void touchgfx::Drawable::handleDragEvent(const touchgfx::DragEvent&)	16	static
../Middlewares/ST/touchgfx/framework/include/touchgfx/Drawable.hpp:501:18:virtual void touchgfx::Drawable::handleTickEvent()	16	static
../Middlewares/ST/touchgfx/framework/include/touchgfx/Drawable.hpp:537:10:bool touchgfx::Drawable::isVisible() const	16	static
../Middlewares/ST/touchgfx/framework/include/touchgfx/Drawable.hpp:549:10:bool touchgfx::Drawable::isTouchable() const	16	static
../Middlewares/ST/touchgfx/framework/include/touchgfx/Drawable.hpp:588:18:virtual void touchgfx::Drawable::moveTo(int16_t, int16_t)	16	static
../Middlewares/ST/touchgfx/framework/include/touchgfx/Drawable.hpp:625:10:void touchgfx::Drawable::resetDrawChainCache()	16	static
../Middlewares/ST/touchgfx/framework/include/touchgfx/Drawable.hpp:703:18:virtual void touchgfx::Drawable::setupDrawChain(const touchgfx::Rect&, touchgfx::Drawable**)	24	static
../Middlewares/ST/touchgfx/framework/include/touchgfx/hal/FrameBufferAllocator.hpp:110:13:touchgfx::FrameBufferAllocator::~FrameBufferAllocator()	16	static
../Middlewares/ST/touchgfx/framework/include/touchgfx/hal/FrameBufferAllocator.hpp:110:13:virtual touchgfx::FrameBufferAllocator::~FrameBufferAllocator()	16	static
../Middlewares/ST/touchgfx/framework/include/touchgfx/hal/HAL.hpp:101:13:touchgfx::HAL::~HAL()	16	static
../Middlewares/ST/touchgfx/framework/include/touchgfx/hal/HAL.hpp:101:13:virtual touchgfx::HAL::~HAL()	16	static
../Middlewares/ST/touchgfx/framework/include/touchgfx/hal/HAL.hpp:110:17:static touchgfx::HAL* touchgfx::HAL::getInstance()	4	static
../Middlewares/ST/touchgfx/framework/include/touchgfx/hal/HAL.hpp:124:18:virtual void touchgfx::HAL::setDisplayOrientation(touchgfx::DisplayOrientation)	16	static
../Middlewares/ST/touchgfx/framework/include/touchgfx/hal/HAL.hpp:156:18:virtual void touchgfx::HAL::setFrameBufferSize(uint16_t, uint16_t)	16	static
../Middlewares/ST/touchgfx/framework/include/touchgfx/hal/HAL.hpp:268:17:static touchgfx::LCD& touchgfx::HAL::lcd()	4	static
../Middlewares/ST/touchgfx/framework/include/touchgfx/hal/HAL.hpp:320:28:virtual touchgfx::BlitOperations touchgfx::HAL::getBlitCaps()	16	static
../Middlewares/ST/touchgfx/framework/include/touchgfx/hal/HAL.hpp:628:10:void touchgfx::HAL::vSync()	16	static
../Middlewares/ST/touchgfx/framework/include/touchgfx/hal/HAL.hpp:638:18:virtual void touchgfx::HAL::backPorchExited()	16	static
../Middlewares/ST/touchgfx/framework/include/touchgfx/hal/HAL.hpp:670:18:virtual bool touchgfx::HAL::sampleKey(uint8_t&)	16	static
../Middlewares/ST/touchgfx/framework/include/touchgfx/hal/HAL.hpp:720:18:virtual void touchgfx::HAL::setFrameBufferStartAddresses(void*, void*, void*)	24	static
../Middlewares/ST/touchgfx/framework/include/touchgfx/hal/HAL.hpp:737:18:virtual void touchgfx::HAL::setAnimationStorage(void*)	16	static
../Middlewares/ST/touchgfx/framework/include/touchgfx/hal/HAL.hpp:855:10:void touchgfx::HAL::setFrameBufferAllocator(touchgfx::FrameBufferAllocator*)	16	static
../Middlewares/ST/touchgfx/framework/include/touchgfx/hal/HAL.hpp:865:27:touchgfx::FrameBufferAllocator* touchgfx::HAL::getFrameBufferAllocator()	16	static
../Middlewares/ST/touchgfx/framework/include/touchgfx/hal/HAL.hpp:876:30:virtual touchgfx::FlashDataReader* touchgfx::HAL::getFlashDataReader() const	16	static
../Middlewares/ST/touchgfx/framework/include/touchgfx/hal/HAL.hpp:958:10:bool touchgfx::HAL::setFrameRefreshStrategy(touchgfx::HAL::FrameRefreshStrategy)	16	static
../Middlewares/ST/touchgfx/framework/include/touchgfx/hal/HAL.hpp:1025:18:virtual void touchgfx::HAL::taskDelay(uint16_t)	16	static
../Middlewares/ST/touchgfx/framework/include/touchgfx/hal/HAL.hpp:1052:22:virtual uint16_t touchgfx::HAL::getTFTCurrentLine()	16	static
../Middlewares/ST/touchgfx/framework/include/touchgfx/hal/HAL.hpp:1063:21:virtual touchgfx::DMAType touchgfx::HAL::getDMAType()	16	static
../Middlewares/ST/touchgfx/framework/include/touchgfx/hal/HAL.hpp:1101:10:touchgfx::LCD* touchgfx::HAL::getAuxiliaryLCD()	16	static
../Middlewares/ST/touchgfx/framework/include/touchgfx/hal/HAL.hpp:1162:18:virtual void touchgfx::HAL::performDisplayOrientationChange()	24	static
../Middlewares/ST/touchgfx/framework/include/touchgfx/hal/HAL.hpp:1189:18:virtual void touchgfx::HAL::InvalidateCache()	16	static
../Middlewares/ST/touchgfx/framework/include/touchgfx/hal/HAL.hpp:1199:18:virtual void touchgfx::HAL::FlushCache()	16	static
../TouchGFX/target/generated/TouchGFXGeneratedHAL.hpp:106:18:virtual void TouchGFXGeneratedHAL::flushFrameBuffer()	16	static
../Middlewares/ST/touchgfx/framework/include/touchgfx/widgets/Widget.hpp:45:18:virtual void touchgfx::Widget::getLastChild(int16_t, int16_t, touchgfx::Drawable**)	24	static
../Middlewares/ST/touchgfx/framework/include/touchgfx/widgets/Widget.hpp:36:7:touchgfx::Widget::~Widget()	16	static
../Middlewares/ST/touchgfx/framework/include/touchgfx/widgets/Widget.hpp:36:7:virtual touchgfx::Widget::~Widget()	16	static
../Middlewares/ST/touchgfx/framework/include/touchgfx/widgets/canvas/AbstractPainter.hpp:44:5:touchgfx::AbstractPainter::AbstractPainter()	16	static
../Middlewares/ST/touchgfx/framework/include/touchgfx/widgets/canvas/AbstractPainter.hpp:50:13:touchgfx::AbstractPainter::~AbstractPainter()	16	static
../Middlewares/ST/touchgfx/framework/include/touchgfx/widgets/canvas/AbstractPainter.hpp:50:13:virtual touchgfx::AbstractPainter::~AbstractPainter()	16	static
../Middlewares/ST/touchgfx/framework/include/touchgfx/widgets/canvas/AbstractPainter.hpp:61:34:virtual touchgfx::HAL::RenderingMethod touchgfx::AbstractPainter::getRenderingMethod() const	16	static
../Middlewares/ST/touchgfx/framework/include/touchgfx/widgets/canvas/AbstractPainter.hpp:78:18:virtual bool touchgfx::AbstractPainter::setup(const touchgfx::Rect&) const	16	static
../Middlewares/ST/touchgfx/framework/include/touchgfx/widgets/canvas/AbstractPainter.hpp:90:18:virtual void touchgfx::AbstractPainter::tearDown() const	16	static
../Middlewares/ST/touchgfx/framework/include/touchgfx/widgets/canvas/CanvasWidget.hpp:66:18:virtual void touchgfx::CanvasWidget::setAlpha(uint8_t)	16	static
../Middlewares/ST/touchgfx/framework/include/touchgfx/widgets/canvas/CanvasWidget.hpp:72:21:virtual uint8_t touchgfx::CanvasWidget::getAlpha() const	16	static
../Middlewares/ST/touchgfx/framework/include/touchgfx/widgets/canvas/CanvasWidget.hpp:118:18:virtual touchgfx::Rect touchgfx::CanvasWidget::getMinimalRect() const	32	static
../Middlewares/ST/touchgfx/framework/include/touchgfx/widgets/canvas/CanvasWidget.hpp:134:18:virtual touchgfx::Rect touchgfx::CanvasWidget::getSolidRect() const	16	static
../Middlewares/ST/touchgfx/framework/include/touchgfx/widgets/canvas/CanvasWidget.hpp:33:7:touchgfx::CanvasWidget::~CanvasWidget()	16	static
../Middlewares/ST/touchgfx/framework/include/touchgfx/widgets/canvas/CanvasWidget.hpp:33:7:virtual touchgfx::CanvasWidget::~CanvasWidget()	16	static
../Middlewares/ST/touchgfx/framework/include/touchgfx/widgets/canvas/AbstractPainterColor.hpp:43:5:touchgfx::AbstractPainterColor::AbstractPainterColor(touchgfx::colortype)	16	static
../Middlewares/ST/touchgfx/framework/include/touchgfx/widgets/canvas/AbstractPainterColor.hpp:49:13:touchgfx::AbstractPainterColor::~AbstractPainterColor()	16	static
../Middlewares/ST/touchgfx/framework/include/touchgfx/widgets/canvas/AbstractPainterColor.hpp:49:13:virtual touchgfx::AbstractPainterColor::~AbstractPainterColor()	16	static
../Middlewares/ST/touchgfx/framework/include/touchgfx/widgets/canvas/AbstractPainterColor.hpp:58:18:virtual void touchgfx::AbstractPainterColor::setColor(touchgfx::colortype)	16	static
../Middlewares/ST/touchgfx/framework/include/touchgfx/widgets/canvas/AbstractPainterRGB565.hpp:41:5:touchgfx::AbstractPainterRGB565::AbstractPainterRGB565()	24	static
../Middlewares/ST/touchgfx/framework/include/touchgfx/widgets/canvas/AbstractPainterRGB565.hpp:34:7:touchgfx::AbstractPainterRGB565::~AbstractPainterRGB565()	16	static
../Middlewares/ST/touchgfx/framework/include/touchgfx/widgets/canvas/AbstractPainterRGB565.hpp:34:7:virtual touchgfx::AbstractPainterRGB565::~AbstractPainterRGB565()	16	static
../Middlewares/ST/touchgfx/framework/include/touchgfx/widgets/canvas/PainterRGB565.hpp:42:5:touchgfx::PainterRGB565::PainterRGB565(touchgfx::colortype)	16	static
../Middlewares/ST/touchgfx/framework/include/touchgfx/hal/PaintImpl.hpp:32:6:void touchgfx::paint::setL8Palette(const uint8_t*)	16	static
../Middlewares/ST/touchgfx/framework/include/touchgfx/hal/PaintImpl.hpp:37:6:void touchgfx::paint::tearDown()	4	static
../Middlewares/ST/touchgfx/framework/include/touchgfx/hal/PaintRGB565Impl.hpp:85:6:void touchgfx::paint::rgb565::lineFromColor(uint16_t*, unsigned int, uint32_t, uint8_t, uint32_t)	48	static
../Middlewares/ST/touchgfx/framework/include/touchgfx/hal/PaintRGB565Impl.hpp:105:6:void touchgfx::paint::rgb565::lineFromRGB565(uint16_t*, const uint16_t*, unsigned int, uint8_t)	56	static
../Middlewares/ST/touchgfx/framework/include/touchgfx/hal/PaintRGB565Impl.hpp:127:6:void touchgfx::paint::rgb565::lineFromARGB8888(uint16_t*, const uint32_t*, unsigned int, uint8_t)	72	static
../Middlewares/ST/touchgfx/framework/include/touchgfx/hal/PaintRGB565Impl.hpp:149:6:void touchgfx::paint::rgb565::lineFromL8RGB888(uint16_t*, const uint8_t*, unsigned int, uint8_t)	80	static
../Middlewares/ST/touchgfx/framework/include/touchgfx/hal/PaintRGB565Impl.hpp:185:6:void touchgfx::paint::rgb565::lineFromL8ARGB8888(uint16_t*, const uint8_t*, unsigned int, uint8_t)	72	static
../Middlewares/ST/touchgfx/framework/include/touchgfx/hal/VectorRenderer.hpp:42:13:touchgfx::VectorRenderer::~VectorRenderer()	16	static
../Middlewares/ST/touchgfx/framework/include/touchgfx/hal/VectorRenderer.hpp:42:13:virtual touchgfx::VectorRenderer::~VectorRenderer()	16	static
../Middlewares/ST/touchgfx/framework/include/touchgfx/widgets/canvas/AbstractPainterLinearGradient.hpp:37:5:touchgfx::AbstractPainterLinearGradient::AbstractPainterLinearGradient()	16	static
../Middlewares/ST/touchgfx/framework/include/touchgfx/widgets/canvas/AbstractPainterLinearGradient.hpp:44:13:touchgfx::AbstractPainterLinearGradient::~AbstractPainterLinearGradient()	16	static
../Middlewares/ST/touchgfx/framework/include/touchgfx/widgets/canvas/AbstractPainterLinearGradient.hpp:44:13:virtual touchgfx::AbstractPainterLinearGradient::~AbstractPainterLinearGradient()	16	static
../Middlewares/ST/touchgfx/framework/include/touchgfx/widgets/canvas/PainterRGB565LinearGradient.hpp:36:5:touchgfx::PainterRGB565LinearGradient::PainterRGB565LinearGradient()	16	static
../Middlewares/ST/touchgfx/framework/include/touchgfx/widgets/canvas/PainterRGB565LinearGradient.hpp:42:13:touchgfx::PainterRGB565LinearGradient::~PainterRGB565LinearGradient()	16	static
../Middlewares/ST/touchgfx/framework/include/touchgfx/widgets/canvas/PainterRGB565LinearGradient.hpp:42:13:virtual touchgfx::PainterRGB565LinearGradient::~PainterRGB565LinearGradient()	16	static
../Middlewares/ST/touchgfx/framework/include/touchgfx/widgets/canvas/CWRVectorRenderer.hpp:64:18:virtual void touchgfx::CWRVectorRenderer::setMode(touchgfx::VectorRenderer::DrawMode)	16	static
../Middlewares/ST/touchgfx/framework/include/touchgfx/widgets/canvas/CWRVectorRenderer.hpp:69:18:virtual void touchgfx::CWRVectorRenderer::setStrokeMiterLimit(float)	16	static
../Middlewares/ST/touchgfx/framework/include/touchgfx/widgets/canvas/CWRVectorRenderer.hpp:74:18:virtual void touchgfx::CWRVectorRenderer::setStrokeLineJoin(touchgfx::VGStrokeLineJoin)	16	static
../Middlewares/ST/touchgfx/framework/include/touchgfx/widgets/canvas/CWRVectorRenderer.hpp:79:18:virtual void touchgfx::CWRVectorRenderer::setStrokeLineCap(touchgfx::VGStrokeLineCap)	16	static
../Middlewares/ST/touchgfx/framework/include/touchgfx/widgets/canvas/CWRVectorRenderer.hpp:191:22:virtual bool touchgfx::CWRVectorRenderer::CanvasWidgetProxy::drawCanvasWidget(const touchgfx::Rect&) const	16	static
../Middlewares/ST/touchgfx/framework/include/touchgfx/widgets/canvas/CWRVectorRenderer.hpp:302:44:virtual touchgfx::AbstractPainterLinearGradient& touchgfx::CWRVectorRendererRGB565::getLinearPainter()	16	static
../Middlewares/ST/touchgfx/framework/include/touchgfx/widgets/canvas/CWRVectorRenderer.hpp:307:35:virtual touchgfx::AbstractPainterColor& touchgfx::CWRVectorRendererRGB565::getColorPainterColor()	16	static
../Middlewares/ST/touchgfx/framework/include/touchgfx/widgets/canvas/CWRVectorRenderer.hpp:312:30:virtual touchgfx::AbstractPainter& touchgfx::CWRVectorRendererRGB565::getColorPainter()	16	static
../Middlewares/ST/touchgfx/framework/include/touchgfx/hal/VectorRenderer.hpp:38:7:constexpr touchgfx::VectorRenderer::VectorRenderer()	16	static
../Middlewares/ST/touchgfx/framework/include/touchgfx/widgets/canvas/CWRVectorRenderer.hpp:189:11:touchgfx::CWRVectorRenderer::CanvasWidgetProxy::CanvasWidgetProxy()	16	static
../Middlewares/ST/touchgfx/framework/include/touchgfx/widgets/canvas/CWRVectorRenderer.hpp:42:7:touchgfx::CWRVectorRenderer::CWRVectorRenderer()	16	static
../Middlewares/ST/touchgfx/framework/include/touchgfx/widgets/canvas/CWRVectorRenderer.hpp:42:7:touchgfx::CWRVectorRenderer::~CWRVectorRenderer()	16	static
../Middlewares/ST/touchgfx/framework/include/touchgfx/widgets/canvas/CWRVectorRenderer.hpp:42:7:virtual touchgfx::CWRVectorRenderer::~CWRVectorRenderer()	16	static
../Middlewares/ST/touchgfx/framework/include/touchgfx/widgets/canvas/CWRVectorRenderer.hpp:300:7:touchgfx::CWRVectorRendererRGB565::CWRVectorRendererRGB565()	32	static
../TouchGFX/target/generated/TouchGFXGeneratedHAL.cpp:31:36:void __tcf_1()	8	static
../TouchGFX/target/generated/TouchGFXGeneratedHAL.cpp:29:17:static touchgfx::VectorRenderer* touchgfx::VectorRenderer::getInstance()	8	static
../TouchGFX/target/generated/TouchGFXGeneratedHAL.cpp:64:6:virtual void TouchGFXGeneratedHAL::initialize()	24	static
../TouchGFX/target/generated/TouchGFXGeneratedHAL.cpp:75:6:virtual void TouchGFXGeneratedHAL::configureInterrupts()	16	static
../TouchGFX/target/generated/TouchGFXGeneratedHAL.cpp:79:6:virtual void TouchGFXGeneratedHAL::enableInterrupts()	16	static
../TouchGFX/target/generated/TouchGFXGeneratedHAL.cpp:83:6:virtual void TouchGFXGeneratedHAL::disableInterrupts()	16	static
../TouchGFX/target/generated/TouchGFXGeneratedHAL.cpp:87:6:virtual void TouchGFXGeneratedHAL::enableLCDControllerInterrupt()	16	static
../TouchGFX/target/generated/TouchGFXGeneratedHAL.cpp:91:6:virtual bool TouchGFXGeneratedHAL::beginFrame()	16	static
../TouchGFX/target/generated/TouchGFXGeneratedHAL.cpp:96:6:virtual void TouchGFXGeneratedHAL::endFrame()	16	static
../TouchGFX/target/generated/TouchGFXGeneratedHAL.cpp:114:11:virtual uint16_t* TouchGFXGeneratedHAL::getTFTFrameBuffer() const	16	static
../TouchGFX/target/generated/TouchGFXGeneratedHAL.cpp:120:6:virtual void TouchGFXGeneratedHAL::setTFTFrameBuffer(uint16_t*)	16	static
../TouchGFX/target/generated/TouchGFXGeneratedHAL.cpp:125:6:virtual void TouchGFXGeneratedHAL::flushFrameBuffer(const touchgfx::Rect&)	40	static
../TouchGFX/target/generated/TouchGFXGeneratedHAL.cpp:142:6:virtual bool TouchGFXGeneratedHAL::blockCopy(void*, const void*, uint32_t)	24	static
../TouchGFX/target/generated/TouchGFXGeneratedHAL.cpp:158:6:void touchgfx::FrameBufferAllocatorWaitOnTransfer()	4	static
../TouchGFX/target/generated/TouchGFXGeneratedHAL.cpp:170:6:void touchgfx::FrameBufferAllocatorSignalBlockDrawn()	4	static
../TouchGFX/target/generated/TouchGFXGeneratedHAL.cpp:178:6:void touchgfx::startNewTransfer()	32	static
../TouchGFX/target/generated/TouchGFXGeneratedHAL.cpp:195:6:void touchgfx::DisplayDriver_TransferCompleteCallback()	8	static
../TouchGFX/target/generated/TouchGFXGeneratedHAL.cpp:203:6:void touchgfxSignalVSync()	8	static
../Middlewares/ST/touchgfx/framework/include/touchgfx/hal/FrameBufferAllocator.hpp:45:7:constexpr touchgfx::FrameBufferAllocator::FrameBufferAllocator()	16	static
../Middlewares/ST/touchgfx/framework/include/touchgfx/hal/FrameBufferAllocator.hpp:136:5:touchgfx::ManyBlockAllocator<block_size, blocks, bytes_pr_pixel>::ManyBlockAllocator() [with long unsigned int block_size = 1920; long unsigned int blocks = 3; long unsigned int bytes_pr_pixel = 2]	32	static
../Middlewares/ST/touchgfx/framework/include/touchgfx/hal/FrameBufferAllocator.hpp:133:7:touchgfx::ManyBlockAllocator<1920, 3, 2>::~ManyBlockAllocator()	16	static
../Middlewares/ST/touchgfx/framework/include/touchgfx/hal/FrameBufferAllocator.hpp:133:7:virtual touchgfx::ManyBlockAllocator<1920, 3, 2>::~ManyBlockAllocator()	16	static
../Middlewares/ST/touchgfx/framework/include/touchgfx/widgets/canvas/CWRVectorRenderer.hpp:300:7:touchgfx::CWRVectorRendererRGB565::~CWRVectorRendererRGB565()	16	static
../Middlewares/ST/touchgfx/framework/include/touchgfx/widgets/canvas/CWRVectorRenderer.hpp:300:7:virtual touchgfx::CWRVectorRendererRGB565::~CWRVectorRendererRGB565()	16	static
../Middlewares/ST/touchgfx/framework/include/touchgfx/widgets/canvas/CWRVectorRenderer.hpp:189:11:touchgfx::CWRVectorRenderer::CanvasWidgetProxy::~CanvasWidgetProxy()	16	static
../Middlewares/ST/touchgfx/framework/include/touchgfx/widgets/canvas/CWRVectorRenderer.hpp:189:11:virtual touchgfx::CWRVectorRenderer::CanvasWidgetProxy::~CanvasWidgetProxy()	16	static
../TouchGFX/target/generated/TouchGFXGeneratedHAL.hpp:30:7:TouchGFXGeneratedHAL::~TouchGFXGeneratedHAL()	16	static
../TouchGFX/target/generated/TouchGFXGeneratedHAL.hpp:30:7:virtual TouchGFXGeneratedHAL::~TouchGFXGeneratedHAL()	16	static
../TouchGFX/target/generated/TouchGFXGeneratedHAL.cpp:210:1:void __static_initialization_and_destruction_0(int, int)	16	static
../Middlewares/ST/touchgfx/framework/include/touchgfx/widgets/canvas/PainterRGB565.hpp:34:7:touchgfx::PainterRGB565::~PainterRGB565()	16	static
../Middlewares/ST/touchgfx/framework/include/touchgfx/widgets/canvas/PainterRGB565.hpp:34:7:virtual touchgfx::PainterRGB565::~PainterRGB565()	16	static
../Middlewares/ST/touchgfx/framework/include/touchgfx/hal/FrameBufferAllocator.hpp:159:22:uint16_t touchgfx::ManyBlockAllocator<block_size, blocks, bytes_pr_pixel>::allocateBlock(uint16_t, uint16_t, uint16_t, uint16_t, uint8_t**) [with long unsigned int block_size = 1920; long unsigned int blocks = 3; long unsigned int bytes_pr_pixel = 2]	32	static
../Middlewares/ST/touchgfx/framework/include/touchgfx/hal/FrameBufferAllocator.hpp:183:18:void touchgfx::ManyBlockAllocator<block_size, blocks, bytes_pr_pixel>::markBlockReadyForTransfer() [with long unsigned int block_size = 1920; long unsigned int blocks = 3; long unsigned int bytes_pr_pixel = 2]	16	static
../Middlewares/ST/touchgfx/framework/include/touchgfx/hal/FrameBufferAllocator.hpp:195:18:bool touchgfx::ManyBlockAllocator<block_size, blocks, bytes_pr_pixel>::hasBlockReadyForTransfer() [with long unsigned int block_size = 1920; long unsigned int blocks = 3; long unsigned int bytes_pr_pixel = 2]	24	static
../Middlewares/ST/touchgfx/framework/include/touchgfx/hal/FrameBufferAllocator.hpp:214:28:const uint8_t* touchgfx::ManyBlockAllocator<block_size, blocks, bytes_pr_pixel>::getBlockForTransfer(touchgfx::Rect&) [with long unsigned int block_size = 1920; long unsigned int blocks = 3; long unsigned int bytes_pr_pixel = 2]	16	static
../Middlewares/ST/touchgfx/framework/include/touchgfx/hal/FrameBufferAllocator.hpp:227:25:const touchgfx::Rect& touchgfx::ManyBlockAllocator<block_size, blocks, bytes_pr_pixel>::peekBlockForTransfer() [with long unsigned int block_size = 1920; long unsigned int blocks = 3; long unsigned int bytes_pr_pixel = 2]	24	static
../Middlewares/ST/touchgfx/framework/include/touchgfx/hal/FrameBufferAllocator.hpp:238:18:bool touchgfx::ManyBlockAllocator<block_size, blocks, bytes_pr_pixel>::hasEmptyBlock() [with long unsigned int block_size = 1920; long unsigned int blocks = 3; long unsigned int bytes_pr_pixel = 2]	24	static
../Middlewares/ST/touchgfx/framework/include/touchgfx/hal/FrameBufferAllocator.hpp:253:18:void touchgfx::ManyBlockAllocator<block_size, blocks, bytes_pr_pixel>::freeBlockAfterTransfer() [with long unsigned int block_size = 1920; long unsigned int blocks = 3; long unsigned int bytes_pr_pixel = 2]	16	static
../TouchGFX/target/generated/TouchGFXGeneratedHAL.cpp:210:1:cpp)	8	static
../TouchGFX/target/generated/TouchGFXGeneratedHAL.cpp:210:1:cpp)	8	static
